// Jest Snapshot v1, https://goo.gl/fbAQLP

exports[`InpageNavigation 컴포넌트 렌더링 1`] = `
<section
  className="wrapper"
>
  <nav
    className="container "
  >
    <ol
      className="links"
    >
      <li>
        <a
          href="/#1-%ED%97%A4%EB%94%A9"
          onClick={[Function]}
          onMouseEnter={[Function]}
        >
          1 헤딩
        </a>
      </li>
      <li>
        <a
          href="/#2-%ED%97%A4%EB%94%A9"
          onClick={[Function]}
          onMouseEnter={[Function]}
        >
          2 헤딩
        </a>
        <ol
          className="links"
        >
          <li>
            <a
              href="/#2-1-%ED%97%A4%EB%94%A9"
              onClick={[Function]}
              onMouseEnter={[Function]}
            >
              2-1 헤딩
            </a>
            <ol
              className="links"
            >
              <li>
                <a
                  href="/#2-1-1-%ED%97%A4%EB%94%A9"
                  onClick={[Function]}
                  onMouseEnter={[Function]}
                >
                  2-1-1 헤딩
                </a>
              </li>
              <li>
                <a
                  href="/#2-1-2-%ED%97%A4%EB%94%A9"
                  onClick={[Function]}
                  onMouseEnter={[Function]}
                >
                  2-1-2 헤딩
                </a>
                <ol
                  className="links"
                >
                  <li>
                    <a
                      href="/#2-1-2-1-%ED%97%A4%EB%94%A9"
                      onClick={[Function]}
                      onMouseEnter={[Function]}
                    >
                      2-1-2-1 헤딩
                    </a>
                  </li>
                </ol>
              </li>
              <li>
                <a
                  href="/#2-1-3-%ED%97%A4%EB%94%A9"
                  onClick={[Function]}
                  onMouseEnter={[Function]}
                >
                  2-1-3 헤딩
                </a>
              </li>
            </ol>
          </li>
          <li>
            <a
              href="/#2-2-%ED%97%A4%EB%94%A9"
              onClick={[Function]}
              onMouseEnter={[Function]}
            >
              2-2 헤딩
            </a>
          </li>
        </ol>
      </li>
    </ol>
  </nav>
</section>
`;
